Copyright 1986-2022 Xilinx, Inc. All Rights Reserved. Copyright 2022-2024 Advanced Micro Devices, Inc. All Rights Reserved.
---------------------------------------------------------------------------------------------------------------------------------------------
| Tool Version : Vivado v.2024.1 (lin64) Build 5076996 Wed May 22 18:36:09 MDT 2024
| Date         : Sat Sep 26 05:06:14 2026
| Host         : orbstack running 64-bit unknown
| Command      : report_timing_summary -file build/vivado/arty-a7-100t_mlkem/timing_impl.rpt
| Design       : arty_a7_top
| Device       : 7a100t-csg324
| Speed File   : -1  PRODUCTION 1.23 2018-06-13
| Design State : Routed
---------------------------------------------------------------------------------------------------------------------------------------------

Timing Summary Report

------------------------------------------------------------------------------------------------
| Timer Settings
| --------------
------------------------------------------------------------------------------------------------

  Enable Multi Corner Analysis               :  Yes
  Enable Pessimism Removal                   :  Yes
  Pessimism Removal Resolution               :  Nearest Common Node
  Enable Input Delay Default Clock           :  No
  Enable Preset / Clear Arcs                 :  No
  Disable Flight Delays                      :  No
  Ignore I/O Paths                           :  No
  Timing Early Launch at Borrowing Latches   :  No
  Borrow Time for Max Delay Exceptions       :  Yes
  Merge Timing Exceptions                    :  Yes
  Inter-SLR Compensation                     :  Conservative

  Corner  Analyze    Analyze    
  Name    Max Paths  Min Paths  
  ------  ---------  ---------  
  Slow    Yes        Yes        
  Fast    Yes        Yes        


------------------------------------------------------------------------------------------------
| Report Methodology
| ------------------
------------------------------------------------------------------------------------------------

Rule    Severity  Description                Violations  
------  --------  -------------------------  ----------  
DPIR-1  Warning   Asynchronous driver check  12          

Note: This report is based on the most recent report_methodology run and may not be up-to-date. Run report_methodology on the current design for the latest report.



check_timing report

Table of Contents
-----------------
1. checking no_clock (0)
2. checking constant_clock (0)
3. checking pulse_width_clock (0)
4. checking unconstrained_internal_endpoints (0)
5. checking no_input_delay (2)
6. checking no_output_delay (5)
7. checking multiple_clock (0)
8. checking generated_clocks (0)
9. checking loops (0)
10. checking partial_input_delay (0)
11. checking partial_output_delay (0)
12. checking latch_loops (0)

1. checking no_clock (0)
------------------------
 There are 0 register/latch pins with no clock.


2. checking constant_clock (0)
------------------------------
 There are 0 register/latch pins with constant_clock.


3. checking pulse_width_clock (0)
---------------------------------
 There are 0 register/latch pins which need pulse_width check


4. checking unconstrained_internal_endpoints (0)
------------------------------------------------
 There are 0 pins that are not constrained for maximum delay.

 There are 0 pins that are not constrained for maximum delay due to constant clock.


5. checking no_input_delay (2)
------------------------------
 There are 0 input ports with no input delay specified.

 There are 2 input ports with no input delay but user has a false path constraint. (MEDIUM)


6. checking no_output_delay (5)
-------------------------------
 There are 0 ports with no output delay specified.

 There are 5 ports with no output delay but user has a false path constraint (MEDIUM)

 There are 0 ports with no output delay but with a timing clock defined on it or propagating through it


7. checking multiple_clock (0)
------------------------------
 There are 0 register/latch pins with multiple clocks.


8. checking generated_clocks (0)
--------------------------------
 There are 0 generated clocks that are not connected to a clock source.


9. checking loops (0)
---------------------
 There are 0 combinational loops in the design.


10. checking partial_input_delay (0)
------------------------------------
 There are 0 input ports with partial input delay specified.


11. checking partial_output_delay (0)
-------------------------------------
 There are 0 ports with partial output delay specified.


12. checking latch_loops (0)
----------------------------
 There are 0 combinational latch loops in the design through latch input



------------------------------------------------------------------------------------------------
| Design Timing Summary
| ---------------------
------------------------------------------------------------------------------------------------

    WNS(ns)      TNS(ns)  TNS Failing Endpoints  TNS Total Endpoints      WHS(ns)      THS(ns)  THS Failing Endpoints  THS Total Endpoints     WPWS(ns)     TPWS(ns)  TPWS Failing Endpoints  TPWS Total Endpoints  
    -------      -------  ---------------------  -------------------      -------      -------  ---------------------  -------------------     --------     --------  ----------------------  --------------------  
      0.028        0.000                      0                18361        0.023        0.000                      0                18361        4.500        0.000                       0                  6765  


All user specified timing constraints are met.


------------------------------------------------------------------------------------------------
| Clock Summary
| -------------
------------------------------------------------------------------------------------------------

Clock    Waveform(ns)       Period(ns)      Frequency(MHz)
-----    ------------       ----------      --------------
sys_clk  {0.000 5.000}      10.000          100.000         


------------------------------------------------------------------------------------------------
| Intra Clock Table
| -----------------
------------------------------------------------------------------------------------------------

Clock             WNS(ns)      TNS(ns)  TNS Failing Endpoints  TNS Total Endpoints      WHS(ns)      THS(ns)  THS Failing Endpoints  THS Total Endpoints     WPWS(ns)     TPWS(ns)  TPWS Failing Endpoints  TPWS Total Endpoints  
-----             -------      -------  ---------------------  -------------------      -------      -------  ---------------------  -------------------     --------     --------  ----------------------  --------------------  
sys_clk             0.028        0.000                      0                13721        0.023        0.000                      0                13721        4.500        0.000                       0                  6765  


------------------------------------------------------------------------------------------------
| Inter Clock Table
| -----------------
------------------------------------------------------------------------------------------------

From Clock    To Clock          WNS(ns)      TNS(ns)  TNS Failing Endpoints  TNS Total Endpoints      WHS(ns)      THS(ns)  THS Failing Endpoints  THS Total Endpoints  
----------    --------          -------      -------  ---------------------  -------------------      -------      -------  ---------------------  -------------------  


------------------------------------------------------------------------------------------------
| Other Path Groups Table
| -----------------------
------------------------------------------------------------------------------------------------

Path Group         From Clock         To Clock               WNS(ns)      TNS(ns)  TNS Failing Endpoints  TNS Total Endpoints      WHS(ns)      THS(ns)  THS Failing Endpoints  THS Total Endpoints  
----------         ----------         --------               -------      -------  ---------------------  -------------------      -------      -------  ---------------------  -------------------  
**async_default**  sys_clk            sys_clk                  0.845        0.000                      0                 4640        1.297        0.000                      0                 4640  


------------------------------------------------------------------------------------------------
| Timing Details
| --------------
------------------------------------------------------------------------------------------------


---------------------------------------------------------------------------------------------------
From Clock:  sys_clk
  To Clock:  sys_clk

Setup :            0  Failing Endpoints,  Worst Slack        0.028ns,  Total Violation        0.000ns
Hold  :            0  Failing Endpoints,  Worst Slack        0.023ns,  Total Violation        0.000ns
PW    :            0  Failing Endpoints,  Worst Slack        4.500ns,  Total Violation        0.000ns
---------------------------------------------------------------------------------------------------


Max Delay Paths
--------------------------------------------------------------------------------------
Slack (MET) :             0.028ns  (required time - arrival time)
  Source:                 u_mlkem/u_alu/b1_reg[1]_replica/C
                            (rising edge-triggered cell FDCE clocked by sys_clk  {rise@0.000ns fall@5.000ns period=10.000ns})
  Destination:            u_mlkem/u_alu/u_mul1/p1_reg/A[7]
                            (rising edge-triggered cell DSP48E1 clocked by sys_clk  {rise@0.000ns fall@5.000ns period=10.000ns})
  Path Group:             sys_clk
  Path Type:              Setup (Max at Slow Process Corner)
  Requirement:            10.000ns  (sys_clk rise@10.000ns - sys_clk rise@0.000ns)
  Data Path Delay:        6.060ns  (logic 3.182ns (52.508%)  route 2.878ns (47.492%))
  Logic Levels:           10  (CARRY4=6 LUT2=2 LUT3=1 LUT5=1)
  Clock Path Skew:        0.048ns (DCD - SCD + CPR)
    Destination Clock Delay (DCD):    5.179ns = ( 15.179 - 10.000 ) 
    Source Clock Delay      (SCD):    5.399ns
    Clock Pessimism Removal (CPR):    0.267ns
  Clock Uncertainty:      0.035ns  ((TSJ^2 + TIJ^2)^1/2 + DJ) / 2 + PE
    Total System Jitter     (TSJ):    0.071ns
    Total Input Jitter      (TIJ):    0.000ns
    Discrete Jitter          (DJ):    0.000ns
    Phase Error              (PE):    0.000ns

    Location             Delay type                Incr(ns)  Path(ns)    Netlist Resource(s)
  -------------------------------------------------------------------    -------------------
                         (clock sys_clk rise edge)    0.000     0.000 r  
    E3                                                0.000     0.000 r  clk_100mhz (IN)
                         net (fo=0)                   0.000     0.000    clk_100mhz
    E3                   IBUF (Prop_ibuf_I_O)         1.482     1.482 r  clk_100mhz_IBUF_inst/O
                         net (fo=1, routed)           2.025     3.506    clk_100mhz_IBUF
    BUFGCTRL_X0Y16       BUFG (Prop_bufg_I_O)         0.096     3.602 r  clk_100mhz_IBUF_BUFG_inst/O
                         net (fo=6764, routed)        1.796     5.399    u_mlkem/u_alu/clk_100mhz_IBUF_BUFG
    SLICE_X55Y10         FDCE                                         r  u_mlkem/u_alu/b1_reg[1]_replica/C
  -------------------------------------------------------------------    -------------------
    SLICE_X55Y10         FDCE (Prop_fdce_C_Q)         0.456     5.855 r  u_mlkem/u_alu/b1_reg[1]_replica/Q
                         net (fo=1, routed)           0.488     6.342    u_mlkem/u_alu/u_mul1/b1[1]_repN_alias
    SLICE_X53Y10         LUT2 (Prop_lut2_I0_O)        0.124     6.466 r  u_mlkem/u_alu/u_mul1/p1_reg_i_78__0/O
                         net (fo=1, routed)           0.000     6.466    u_mlkem/u_alu/u_mul1/p1_reg_i_78__0_n_0
    SLICE_X53Y10         CARRY4 (Prop_carry4_S[1]_CO[3])
                                                      0.550     7.016 r  u_mlkem/u_alu/u_mul1/p1_reg_i_70__0/CO[3]
                         net (fo=1, routed)           0.000     7.016    u_mlkem/u_alu/u_mul1/p1_reg_i_70__0_n_0
    SLICE_X53Y11         CARRY4 (Prop_carry4_CI_CO[3])
                                                      0.114     7.130 r  u_mlkem/u_alu/u_mul1/p1_reg_i_65__0/CO[3]
                         net (fo=1, routed)           0.000     7.130    u_mlkem/u_alu/u_mul1/p1_reg_i_65__0_n_0
    SLICE_X53Y12         CARRY4 (Prop_carry4_CI_CO[3])
                                                      0.114     7.244 r  u_mlkem/u_alu/u_mul1/p1_reg_i_60/CO[3]
                         net (fo=1, routed)           0.000     7.244    u_mlkem/u_alu/u_mul1/p1_reg_i_60_n_0
    SLICE_X53Y13         CARRY4 (Prop_carry4_CI_O[0])
                                                      0.222     7.466 r  u_mlkem/u_alu/u_mul1/p1_reg_i_59/O[0]
                         net (fo=5, routed)           0.727     8.194    u_mlkem/u_alu/u_mul1/p_25_in0
    SLICE_X52Y10         LUT2 (Prop_lut2_I1_O)        0.299     8.493 r  u_mlkem/u_alu/u_mul1/p1_reg_i_71__0/O
                         net (fo=1, routed)           0.000     8.493    u_mlkem/u_alu/u_mul1/p1_reg_i_71__0_n_0
    SLICE_X52Y10         CARRY4 (Prop_carry4_S[0]_CO[3])
                                                      0.532     9.025 r  u_mlkem/u_alu/u_mul1/p1_reg_i_64__0/CO[3]
                         net (fo=1, routed)           0.000     9.025    u_mlkem/u_alu/u_mul1/p1_reg_i_64__0_n_0
    SLICE_X52Y11         CARRY4 (Prop_carry4_CI_O[3])
                                                      0.313     9.338 r  u_mlkem/u_alu/u_mul1/p1_reg_i_58/O[3]
                         net (fo=1, routed)           0.426     9.764    u_mlkem/u_alu/u_mul1/msub_return27_out[7]
    SLICE_X54Y11         LUT5 (Prop_lut5_I4_O)        0.306    10.070 r  u_mlkem/u_alu/u_mul1/p1_reg_i_48/O
                         net (fo=1, routed)           0.656    10.726    u_mlkem/u_alu/u_mul1/p1_reg_i_48_n_0
    SLICE_X55Y11         LUT3 (Prop_lut3_I2_O)        0.152    10.878 r  u_mlkem/u_alu/u_mul1/p1_reg_i_17__0/O
                         net (fo=1, routed)           0.581    11.459    u_mlkem/u_alu/u_mul1/p1_reg_i_17__0_n_0
    DSP48_X1Y4           DSP48E1                                      r  u_mlkem/u_alu/u_mul1/p1_reg/A[7]
  -------------------------------------------------------------------    -------------------

                         (clock sys_clk rise edge)   10.000    10.000 r  
    E3                                                0.000    10.000 r  clk_100mhz (IN)
                         net (fo=0)                   0.000    10.000    clk_100mhz
    E3                   IBUF (Prop_ibuf_I_O)         1.411    11.411 r  clk_100mhz_IBUF_inst/O
                         net (fo=1, routed)           1.920    13.331    clk_100mhz_IBUF
    BUFGCTRL_X0Y16       BUFG (Prop_bufg_I_O)         0.091    13.422 r  clk_100mhz_IBUF_BUFG_inst/O
                         net (fo=6764, routed)        1.757    15.179    u_mlkem/u_alu/u_mul1/clk_100mhz_IBUF_BUFG
    DSP48_X1Y4           DSP48E1                                      r  u_mlkem/u_alu/u_mul1/p1_reg/CLK
                         clock pessimism              0.267    15.446    
                         clock uncertainty           -0.035    15.411    
    DSP48_X1Y4           DSP48E1 (Setup_dsp48e1_CLK_A[7])
                                                     -3.924    11.487    u_mlkem/u_alu/u_mul1/p1_reg
  -------------------------------------------------------------------
                         required time                         11.487    
                         arrival time                         -11.459    
  -------------------------------------------------------------------
                         slack                                  0.028    





Min Delay Paths
--------------------------------------------------------------------------------------
Slack (MET) :             0.023ns  (arrival time - required time)
  Source:                 u_mlkem/u_sponge/st_reg[1383]/C
                            (rising edge-triggered cell FDCE clocked by sys_clk  {rise@0.000ns fall@5.000ns period=10.000ns})
  Destination:            u_mlkem/u_sponge/u_keccak/state_reg[1][4][39]/D
                            (rising edge-triggered cell FDCE clocked by sys_clk  {rise@0.000ns fall@5.000ns period=10.000ns})
  Path Group:             sys_clk
  Path Type:              Hold (Min at Fast Process Corner)
  Requirement:            0.000ns  (sys_clk rise@0.000ns - sys_clk rise@0.000ns)
  Data Path Delay:        0.381ns  (logic 0.186ns (48.778%)  route 0.195ns (51.222%))
  Logic Levels:           1  (LUT6=1)
  Clock Path Skew:        0.266ns (DCD - SCD - CPR)
    Destination Clock Delay (DCD):    2.068ns
    Source Clock Delay      (SCD):    1.548ns
    Clock Pessimism Removal (CPR):    0.254ns

    Location             Delay type                Incr(ns)  Path(ns)    Netlist Resource(s)
  -------------------------------------------------------------------    -------------------
                         (clock sys_clk rise edge)    0.000     0.000 r  
    E3                                                0.000     0.000 r  clk_100mhz (IN)
                         net (fo=0)                   0.000     0.000    clk_100mhz
    E3                   IBUF (Prop_ibuf_I_O)         0.250     0.250 r  clk_100mhz_IBUF_inst/O
                         net (fo=1, routed)           0.644     0.894    clk_100mhz_IBUF
    BUFGCTRL_X0Y16       BUFG (Prop_bufg_I_O)         0.026     0.920 r  clk_100mhz_IBUF_BUFG_inst/O
                         net (fo=6764, routed)        0.628     1.548    u_mlkem/u_sponge/clk_100mhz_IBUF_BUFG
    SLICE_X52Y38         FDCE                                         r  u_mlkem/u_sponge/st_reg[1383]/C
  -------------------------------------------------------------------    -------------------
    SLICE_X52Y38         FDCE (Prop_fdce_C_Q)         0.141     1.689 r  u_mlkem/u_sponge/st_reg[1383]/Q
                         net (fo=2, routed)           0.195     1.884    u_mlkem/u_sponge/u_keccak/Q[1383]
    SLICE_X51Y39         LUT6 (Prop_lut6_I0_O)        0.045     1.929 r  u_mlkem/u_sponge/u_keccak/state[1][4][39]_i_1/O
                         net (fo=1, routed)           0.000     1.929    u_mlkem/u_sponge/u_keccak/state[1][4][39]_i_1_n_0
    SLICE_X51Y39         FDCE                                         r  u_mlkem/u_sponge/u_keccak/state_reg[1][4][39]/D
  -------------------------------------------------------------------    -------------------

                         (clock sys_clk rise edge)    0.000     0.000 r  
    E3                                                0.000     0.000 r  clk_100mhz (IN)
                         net (fo=0)                   0.000     0.000    clk_100mhz
    E3                   IBUF (Prop_ibuf_I_O)         0.438     0.438 r  clk_100mhz_IBUF_inst/O
                         net (fo=1, routed)           0.699     1.136    clk_100mhz_IBUF
    BUFGCTRL_X0Y16       BUFG (Prop_bufg_I_O)         0.029     1.165 r  clk_100mhz_IBUF_BUFG_inst/O
                         net (fo=6764, routed)        0.903     2.068    u_mlkem/u_sponge/u_keccak/clk_100mhz_IBUF_BUFG
    SLICE_X51Y39         FDCE                                         r  u_mlkem/u_sponge/u_keccak/state_reg[1][4][39]/C
                         clock pessimism             -0.254     1.814    
    SLICE_X51Y39         FDCE (Hold_fdce_C_D)         0.092     1.906    u_mlkem/u_sponge/u_keccak/state_reg[1][4][39]
  -------------------------------------------------------------------
                         required time                         -1.906    
                         arrival time                           1.929    
  -------------------------------------------------------------------
                         slack                                  0.023    





Pulse Width Checks
--------------------------------------------------------------------------------------
Clock Name:         sys_clk
Waveform(ns):       { 0.000 5.000 }
Period(ns):         10.000
Sources:            { clk_100mhz }

Check Type        Corner  Lib Pin      Reference Pin  Required(ns)  Actual(ns)  Slack(ns)  Location     Pin
Min Period        n/a     DSP48E1/CLK  n/a            3.884         10.000      6.116      DSP48_X0Y3   u_mlkem/u_alu/u_mul0/t/CLK
Low Pulse Width   Slow    FDCE/C       n/a            0.500         5.000       4.500      SLICE_X6Y49  heartbeat_cnt_reg[0]/C
High Pulse Width  Slow    FDCE/C       n/a            0.500         5.000       4.500      SLICE_X6Y49  heartbeat_cnt_reg[0]/C



---------------------------------------------------------------------------------------------------
Path Group:  **async_default**
From Clock:  sys_clk
  To Clock:  sys_clk

Setup :            0  Failing Endpoints,  Worst Slack        0.845ns,  Total Violation        0.000ns
Hold  :            0  Failing Endpoints,  Worst Slack        1.297ns,  Total Violation        0.000ns
---------------------------------------------------------------------------------------------------


Max Delay Paths
--------------------------------------------------------------------------------------
Slack (MET) :             0.845ns  (required time - arrival time)
  Source:                 rst_sync_reg[3]/C
                            (rising edge-triggered cell FDCE clocked by sys_clk  {rise@0.000ns fall@5.000ns period=10.000ns})
  Destination:            u_mlkem/u_sponge/st_reg[729]/CLR
                            (recovery check against rising-edge clock sys_clk  {rise@0.000ns fall@5.000ns period=10.000ns})
  Path Group:             **async_default**
  Path Type:              Recovery (Max at Slow Process Corner)
  Requirement:            10.000ns  (sys_clk rise@10.000ns - sys_clk rise@0.000ns)
  Data Path Delay:        8.583ns  (logic 0.668ns (7.782%)  route 7.915ns (92.218%))
  Logic Levels:           1  (LUT1=1)
  Clock Path Skew:        0.071ns (DCD - SCD + CPR)
    Destination Clock Delay (DCD):    5.104ns = ( 15.104 - 10.000 ) 
    Source Clock Delay      (SCD):    5.221ns
    Clock Pessimism Removal (CPR):    0.187ns
  Clock Uncertainty:      0.035ns  ((TSJ^2 + TIJ^2)^1/2 + DJ) / 2 + PE
    Total System Jitter     (TSJ):    0.071ns
    Total Input Jitter      (TIJ):    0.000ns
    Discrete Jitter          (DJ):    0.000ns
    Phase Error              (PE):    0.000ns

    Location             Delay type                Incr(ns)  Path(ns)    Netlist Resource(s)
  -------------------------------------------------------------------    -------------------
                         (clock sys_clk rise edge)    0.000     0.000 r  
    E3                                                0.000     0.000 r  clk_100mhz (IN)
                         net (fo=0)                   0.000     0.000    clk_100mhz
    E3                   IBUF (Prop_ibuf_I_O)         1.482     1.482 r  clk_100mhz_IBUF_inst/O
                         net (fo=1, routed)           2.025     3.506    clk_100mhz_IBUF
    BUFGCTRL_X0Y16       BUFG (Prop_bufg_I_O)         0.096     3.602 r  clk_100mhz_IBUF_BUFG_inst/O
                         net (fo=6764, routed)        1.618     5.221    clk_100mhz_IBUF_BUFG
    SLICE_X60Y80         FDCE                                         r  rst_sync_reg[3]/C
  -------------------------------------------------------------------    -------------------
    SLICE_X60Y80         FDCE (Prop_fdce_C_Q)         0.518     5.739 r  rst_sync_reg[3]/Q
                         net (fo=50, routed)          1.816     7.554    u_mlkem/u_sponge/u_keccak/FSM_onehot_fsm_reg[2]_1[0]
    SLICE_X75Y85         LUT1 (Prop_lut1_I0_O)        0.150     7.704 f  u_mlkem/u_sponge/u_keccak/FSM_onehot_fsm[2]_i_2/O
                         net (fo=4640, routed)        6.100    13.804    u_mlkem/u_sponge/rst_sync_reg[3]
    SLICE_X11Y20         FDCE                                         f  u_mlkem/u_sponge/st_reg[729]/CLR
  -------------------------------------------------------------------    -------------------

                         (clock sys_clk rise edge)   10.000    10.000 r  
    E3                                                0.000    10.000 r  clk_100mhz (IN)
                         net (fo=0)                   0.000    10.000    clk_100mhz
    E3                   IBUF (Prop_ibuf_I_O)         1.411    11.411 r  clk_100mhz_IBUF_inst/O
                         net (fo=1, routed)           1.920    13.331    clk_100mhz_IBUF
    BUFGCTRL_X0Y16       BUFG (Prop_bufg_I_O)         0.091    13.422 r  clk_100mhz_IBUF_BUFG_inst/O
                         net (fo=6764, routed)        1.682    15.104    u_mlkem/u_sponge/clk_100mhz_IBUF_BUFG
    SLICE_X11Y20         FDCE                                         r  u_mlkem/u_sponge/st_reg[729]/C
                         clock pessimism              0.187    15.291    
                         clock uncertainty           -0.035    15.256    
    SLICE_X11Y20         FDCE (Recov_fdce_C_CLR)     -0.607    14.649    u_mlkem/u_sponge/st_reg[729]
  -------------------------------------------------------------------
                         required time                         14.649    
                         arrival time                         -13.804    
  -------------------------------------------------------------------
                         slack                                  0.845    





Min Delay Paths
--------------------------------------------------------------------------------------
Slack (MET) :             1.297ns  (arrival time - required time)
  Source:                 rst_sync_reg[3]/C
                            (rising edge-triggered cell FDCE clocked by sys_clk  {rise@0.000ns fall@5.000ns period=10.000ns})
  Destination:            u_bridge/crc_reg[5]/PRE
                            (removal check against rising-edge clock sys_clk  {rise@0.000ns fall@5.000ns period=10.000ns})
  Path Group:             **async_default**
  Path Type:              Removal (Min at Fast Process Corner)
  Requirement:            0.000ns  (sys_clk rise@0.000ns - sys_clk rise@0.000ns)
  Data Path Delay:        1.231ns  (logic 0.206ns (16.730%)  route 1.025ns (83.270%))
  Logic Levels:           1  (LUT1=1)
  Clock Path Skew:        0.067ns (DCD - SCD - CPR)
    Destination Clock Delay (DCD):    2.024ns
    Source Clock Delay      (SCD):    1.477ns
    Clock Pessimism Removal (CPR):    0.479ns

    Location             Delay type                Incr(ns)  Path(ns)    Netlist Resource(s)
  -------------------------------------------------------------------    -------------------
                         (clock sys_clk rise edge)    0.000     0.000 r  
    E3                                                0.000     0.000 r  clk_100mhz (IN)
                         net (fo=0)                   0.000     0.000    clk_100mhz
    E3                   IBUF (Prop_ibuf_I_O)         0.250     0.250 r  clk_100mhz_IBUF_inst/O
                         net (fo=1, routed)           0.644     0.894    clk_100mhz_IBUF
    BUFGCTRL_X0Y16       BUFG (Prop_bufg_I_O)         0.026     0.920 r  clk_100mhz_IBUF_BUFG_inst/O
                         net (fo=6764, routed)        0.558     1.477    clk_100mhz_IBUF_BUFG
    SLICE_X60Y80         FDCE                                         r  rst_sync_reg[3]/C
  -------------------------------------------------------------------    -------------------
    SLICE_X60Y80         FDCE (Prop_fdce_C_Q)         0.164     1.641 r  rst_sync_reg[3]/Q
                         net (fo=50, routed)          0.802     2.443    u_mlkem/u_sponge/u_keccak/FSM_onehot_fsm_reg[2]_1[0]
    SLICE_X75Y85         LUT1 (Prop_lut1_I0_O)        0.042     2.485 f  u_mlkem/u_sponge/u_keccak/FSM_onehot_fsm[2]_i_2/O
                         net (fo=4640, routed)        0.224     2.709    u_bridge/timeout_reg[31]_0
    SLICE_X74Y79         FDPE                                         f  u_bridge/crc_reg[5]/PRE
  -------------------------------------------------------------------    -------------------

                         (clock sys_clk rise edge)    0.000     0.000 r  
    E3                                                0.000     0.000 r  clk_100mhz (IN)
                         net (fo=0)                   0.000     0.000    clk_100mhz
    E3                   IBUF (Prop_ibuf_I_O)         0.438     0.438 r  clk_100mhz_IBUF_inst/O
                         net (fo=1, routed)           0.699     1.136    clk_100mhz_IBUF
    BUFGCTRL_X0Y16       BUFG (Prop_bufg_I_O)         0.029     1.165 r  clk_100mhz_IBUF_BUFG_inst/O
                         net (fo=6764, routed)        0.859     2.024    u_bridge/clk_100mhz_IBUF_BUFG
    SLICE_X74Y79         FDPE                                         r  u_bridge/crc_reg[5]/C
                         clock pessimism             -0.479     1.544    
    SLICE_X74Y79         FDPE (Remov_fdpe_C_PRE)     -0.133     1.411    u_bridge/crc_reg[5]
  -------------------------------------------------------------------
                         required time                         -1.411    
                         arrival time                           2.709    
  -------------------------------------------------------------------
                         slack                                  1.297    





