Copyright 1986-2022 Xilinx, Inc. All Rights Reserved. Copyright 2022-2024 Advanced Micro Devices, Inc. All Rights Reserved.
-------------------------------------------------------------------------------------------------------------------------------------------------
| Tool Version : Vivado v.2024.1 (lin64) Build 5076996 Wed May 22 18:36:09 MDT 2024
| Date         : Sat Oct  3 06:14:55 2026
| Host         : orbstack running 64-bit unknown
| Command      : report_timing_summary -file /home/vivadouser/project/ML_KEM_Test/ML-KEM-Testkit/build/vivado/arty-a7-100t_mlkem/timing_impl.rpt
| Design       : arty_a7_top
| Device       : 7a100t-csg324
| Speed File   : -1  PRODUCTION 1.23 2018-06-13
| Design State : Physopt postRoute
-------------------------------------------------------------------------------------------------------------------------------------------------

Timing Summary Report

------------------------------------------------------------------------------------------------
| Timer Settings
| --------------
------------------------------------------------------------------------------------------------

  Enable Multi Corner Analysis               :  Yes
  Enable Pessimism Removal                   :  Yes
  Pessimism Removal Resolution               :  Nearest Common Node
  Enable Input Delay Default Clock           :  No
  Enable Preset / Clear Arcs                 :  No
  Disable Flight Delays                      :  No
  Ignore I/O Paths                           :  No
  Timing Early Launch at Borrowing Latches   :  No
  Borrow Time for Max Delay Exceptions       :  Yes
  Merge Timing Exceptions                    :  Yes
  Inter-SLR Compensation                     :  Conservative

  Corner  Analyze    Analyze    
  Name    Max Paths  Min Paths  
  ------  ---------  ---------  
  Slow    Yes        Yes        
  Fast    Yes        Yes        


------------------------------------------------------------------------------------------------
| Report Methodology
| ------------------
------------------------------------------------------------------------------------------------

Rule       Severity  Description                                                                                            Violations  
---------  --------  -----------------------------------------------------------------------------------------------------  ----------  
LUTAR-1    Warning   LUT drives async reset alert                                                                           1           
TIMING-47  Warning   False path, asynchronous clock group or max delay datapath only constraint between synchronous clocks  2           

Note: This report is based on the most recent report_methodology run and may not be up-to-date. Run report_methodology on the current design for the latest report.



check_timing report

Table of Contents
-----------------
1. checking no_clock (0)
2. checking constant_clock (0)
3. checking pulse_width_clock (0)
4. checking unconstrained_internal_endpoints (0)
5. checking no_input_delay (2)
6. checking no_output_delay (5)
7. checking multiple_clock (0)
8. checking generated_clocks (0)
9. checking loops (0)
10. checking partial_input_delay (0)
11. checking partial_output_delay (0)
12. checking latch_loops (0)

1. checking no_clock (0)
------------------------
 There are 0 register/latch pins with no clock.


2. checking constant_clock (0)
------------------------------
 There are 0 register/latch pins with constant_clock.


3. checking pulse_width_clock (0)
---------------------------------
 There are 0 register/latch pins which need pulse_width check


4. checking unconstrained_internal_endpoints (0)
------------------------------------------------
 There are 0 pins that are not constrained for maximum delay.

 There are 0 pins that are not constrained for maximum delay due to constant clock.


5. checking no_input_delay (2)
------------------------------
 There are 0 input ports with no input delay specified.

 There are 2 input ports with no input delay but user has a false path constraint. (MEDIUM)


6. checking no_output_delay (5)
-------------------------------
 There are 0 ports with no output delay specified.

 There are 5 ports with no output delay but user has a false path constraint (MEDIUM)

 There are 0 ports with no output delay but with a timing clock defined on it or propagating through it


7. checking multiple_clock (0)
------------------------------
 There are 0 register/latch pins with multiple clocks.


8. checking generated_clocks (0)
--------------------------------
 There are 0 generated clocks that are not connected to a clock source.


9. checking loops (0)
---------------------
 There are 0 combinational loops in the design.


10. checking partial_input_delay (0)
------------------------------------
 There are 0 input ports with partial input delay specified.


11. checking partial_output_delay (0)
-------------------------------------
 There are 0 ports with partial output delay specified.


12. checking latch_loops (0)
----------------------------
 There are 0 combinational latch loops in the design through latch input



------------------------------------------------------------------------------------------------
| Design Timing Summary
| ---------------------
------------------------------------------------------------------------------------------------

    WNS(ns)      TNS(ns)  TNS Failing Endpoints  TNS Total Endpoints      WHS(ns)      THS(ns)  THS Failing Endpoints  THS Total Endpoints     WPWS(ns)     TPWS(ns)  TPWS Failing Endpoints  TPWS Total Endpoints  
    -------      -------  ---------------------  -------------------      -------      -------  ---------------------  -------------------     --------     --------  ----------------------  --------------------  
     -0.068       -0.273                      9                16654        0.024        0.000                      0                16654        1.177        0.000                       0                  7570  


Timing constraints are not met.


------------------------------------------------------------------------------------------------
| Clock Summary
| -------------
------------------------------------------------------------------------------------------------

Clock            Waveform(ns)         Period(ns)      Frequency(MHz)
-----            ------------         ----------      --------------
sys_clk          {0.000 5.000}        10.000          100.000         
  clk_core_mmcm  {0.000 2.427}        4.854           206.000         
  mmcm_fb        {0.000 25.000}       50.000          20.000          


------------------------------------------------------------------------------------------------
| Intra Clock Table
| -----------------
------------------------------------------------------------------------------------------------

Clock                WNS(ns)      TNS(ns)  TNS Failing Endpoints  TNS Total Endpoints      WHS(ns)      THS(ns)  THS Failing Endpoints  THS Total Endpoints     WPWS(ns)     TPWS(ns)  TPWS Failing Endpoints  TPWS Total Endpoints  
-----                -------      -------  ---------------------  -------------------      -------      -------  ---------------------  -------------------     --------     --------  ----------------------  --------------------  
sys_clk                1.603        0.000                      0                 5160        0.122        0.000                      0                 5160        3.000        0.000                       0                  2652  
  clk_core_mmcm       -0.068       -0.273                      9                10898        0.024        0.000                      0                10898        1.177        0.000                       0                  4916  
  mmcm_fb                                                                                                                                                         48.751        0.000                       0                     2  


------------------------------------------------------------------------------------------------
| Inter Clock Table
| -----------------
------------------------------------------------------------------------------------------------

From Clock    To Clock          WNS(ns)      TNS(ns)  TNS Failing Endpoints  TNS Total Endpoints      WHS(ns)      THS(ns)  THS Failing Endpoints  THS Total Endpoints  
----------    --------          -------      -------  ---------------------  -------------------      -------      -------  ---------------------  -------------------  


------------------------------------------------------------------------------------------------
| Other Path Groups Table
| -----------------------
------------------------------------------------------------------------------------------------

Path Group         From Clock         To Clock               WNS(ns)      TNS(ns)  TNS Failing Endpoints  TNS Total Endpoints      WHS(ns)      THS(ns)  THS Failing Endpoints  THS Total Endpoints  
----------         ----------         --------               -------      -------  ---------------------  -------------------      -------      -------  ---------------------  -------------------  
**async_default**  sys_clk            sys_clk                  3.256        0.000                      0                  596        0.586        0.000                      0                  596  


------------------------------------------------------------------------------------------------
| Timing Details
| --------------
------------------------------------------------------------------------------------------------


---------------------------------------------------------------------------------------------------
From Clock:  sys_clk
  To Clock:  sys_clk

Setup :            0  Failing Endpoints,  Worst Slack        1.603ns,  Total Violation        0.000ns
Hold  :            0  Failing Endpoints,  Worst Slack        0.122ns,  Total Violation        0.000ns
PW    :            0  Failing Endpoints,  Worst Slack        3.000ns,  Total Violation        0.000ns
---------------------------------------------------------------------------------------------------


Max Delay Paths
--------------------------------------------------------------------------------------
Slack (MET) :             1.603ns  (required time - arrival time)
  Source:                 u_bridge/cnt_reg[1]_rep__3/C
                            (rising edge-triggered cell FDCE clocked by sys_clk  {rise@0.000ns fall@5.000ns period=10.000ns})
  Destination:            u_bridge/m_axi_wdata_reg[13]/D
                            (rising edge-triggered cell FDCE clocked by sys_clk  {rise@0.000ns fall@5.000ns period=10.000ns})
  Path Group:             sys_clk
  Path Type:              Setup (Max at Slow Process Corner)
  Requirement:            10.000ns  (sys_clk rise@10.000ns - sys_clk rise@0.000ns)
  Data Path Delay:        8.355ns  (logic 1.517ns (18.157%)  route 6.838ns (81.843%))
  Logic Levels:           6  (LUT5=1 LUT6=3 MUXF7=1 MUXF8=1)
  Clock Path Skew:        -0.036ns (DCD - SCD + CPR)
    Destination Clock Delay (DCD):    4.914ns = ( 14.914 - 10.000 ) 
    Source Clock Delay      (SCD):    5.226ns
    Clock Pessimism Removal (CPR):    0.276ns
  Clock Uncertainty:      0.035ns  ((TSJ^2 + TIJ^2)^1/2 + DJ) / 2 + PE
    Total System Jitter     (TSJ):    0.071ns
    Total Input Jitter      (TIJ):    0.000ns
    Discrete Jitter          (DJ):    0.000ns
    Phase Error              (PE):    0.000ns

    Location             Delay type                Incr(ns)  Path(ns)    Netlist Resource(s)
  -------------------------------------------------------------------    -------------------
                         (clock sys_clk rise edge)    0.000     0.000 r  
    E3                                                0.000     0.000 r  clk_100mhz (IN)
                         net (fo=0)                   0.000     0.000    clk_100mhz
    E3                   IBUF (Prop_ibuf_I_O)         1.482     1.482 r  clk_100mhz_IBUF_inst/O
                         net (fo=1, routed)           2.025     3.506    clk_100mhz_IBUF
    BUFGCTRL_X0Y16       BUFG (Prop_bufg_I_O)         0.096     3.602 r  clk_100mhz_IBUF_BUFG_inst/O
                         net (fo=2651, routed)        1.624     5.226    u_bridge/clk_100mhz_IBUF_BUFG
    SLICE_X34Y106        FDCE                                         r  u_bridge/cnt_reg[1]_rep__3/C
  -------------------------------------------------------------------    -------------------
    SLICE_X34Y106        FDCE (Prop_fdce_C_Q)         0.518     5.744 r  u_bridge/cnt_reg[1]_rep__3/Q
                         net (fo=117, routed)         2.822     8.566    u_bridge/cnt_reg[1]_rep__3_n_0
    SLICE_X62Y79         LUT6 (Prop_lut6_I2_O)        0.124     8.690 r  u_bridge/m_axi_wdata[29]_i_67/O
                         net (fo=1, routed)           0.958     9.648    u_bridge/m_axi_wdata[29]_i_67_n_0
    SLICE_X58Y81         LUT6 (Prop_lut6_I2_O)        0.124     9.772 f  u_bridge/m_axi_wdata[29]_i_23/O
                         net (fo=1, routed)           1.119    10.890    u_bridge/m_axi_wdata[29]_i_23_n_0
    SLICE_X43Y88         LUT6 (Prop_lut6_I4_O)        0.124    11.014 r  u_bridge/m_axi_wdata[29]_i_8/O
                         net (fo=1, routed)           0.000    11.014    u_bridge/m_axi_wdata[29]_i_8_n_0
    SLICE_X43Y88         MUXF7 (Prop_muxf7_I1_O)      0.217    11.231 r  u_bridge/m_axi_wdata_reg[29]_i_4/O
                         net (fo=1, routed)           0.000    11.231    u_bridge/m_axi_wdata_reg[29]_i_4_n_0
    SLICE_X43Y88         MUXF8 (Prop_muxf8_I1_O)      0.094    11.325 r  u_bridge/m_axi_wdata_reg[29]_i_2/O
                         net (fo=4, routed)           1.940    13.265    u_bridge/m_axi_wdata_reg[29]_i_2_n_0
    SLICE_X37Y120        LUT5 (Prop_lut5_I0_O)        0.316    13.581 r  u_bridge/m_axi_wdata[13]_i_1/O
                         net (fo=1, routed)           0.000    13.581    u_bridge/m_axi_wdata[13]_i_1_n_0
    SLICE_X37Y120        FDCE                                         r  u_bridge/m_axi_wdata_reg[13]/D
  -------------------------------------------------------------------    -------------------

                         (clock sys_clk rise edge)   10.000    10.000 r  
    E3                                                0.000    10.000 r  clk_100mhz (IN)
                         net (fo=0)                   0.000    10.000    clk_100mhz
    E3                   IBUF (Prop_ibuf_I_O)         1.411    11.411 r  clk_100mhz_IBUF_inst/O
                         net (fo=1, routed)           1.920    13.331    clk_100mhz_IBUF
    BUFGCTRL_X0Y16       BUFG (Prop_bufg_I_O)         0.091    13.422 r  clk_100mhz_IBUF_BUFG_inst/O
                         net (fo=2651, routed)        1.492    14.914    u_bridge/clk_100mhz_IBUF_BUFG
    SLICE_X37Y120        FDCE                                         r  u_bridge/m_axi_wdata_reg[13]/C
                         clock pessimism              0.276    15.190    
                         clock uncertainty           -0.035    15.155    
    SLICE_X37Y120        FDCE (Setup_fdce_C_D)        0.029    15.184    u_bridge/m_axi_wdata_reg[13]
  -------------------------------------------------------------------
                         required time                         15.184    
                         arrival time                         -13.581    
  -------------------------------------------------------------------
                         slack                                  1.603    





Min Delay Paths
--------------------------------------------------------------------------------------
Slack (MET) :             0.122ns  (arrival time - required time)
  Source:                 u_cdc/s_wack_sync_reg[0]/C
                            (rising edge-triggered cell FDCE clocked by sys_clk  {rise@0.000ns fall@5.000ns period=10.000ns})
  Destination:            u_cdc/s_wack_sync_reg[1]/D
                            (rising edge-triggered cell FDCE clocked by sys_clk  {rise@0.000ns fall@5.000ns period=10.000ns})
  Path Group:             sys_clk
  Path Type:              Hold (Min at Fast Process Corner)
  Requirement:            0.000ns  (sys_clk rise@0.000ns - sys_clk rise@0.000ns)
  Data Path Delay:        0.197ns  (logic 0.141ns (71.611%)  route 0.056ns (28.389%))
  Logic Levels:           0  
  Clock Path Skew:        0.000ns (DCD - SCD - CPR)
    Destination Clock Delay (DCD):    1.990ns
    Source Clock Delay      (SCD):    1.476ns
    Clock Pessimism Removal (CPR):    0.513ns

    Location             Delay type                Incr(ns)  Path(ns)    Netlist Resource(s)
  -------------------------------------------------------------------    -------------------
                         (clock sys_clk rise edge)    0.000     0.000 r  
    E3                                                0.000     0.000 r  clk_100mhz (IN)
                         net (fo=0)                   0.000     0.000    clk_100mhz
    E3                   IBUF (Prop_ibuf_I_O)         0.250     0.250 r  clk_100mhz_IBUF_inst/O
                         net (fo=1, routed)           0.644     0.894    clk_100mhz_IBUF
    BUFGCTRL_X0Y16       BUFG (Prop_bufg_I_O)         0.026     0.920 r  clk_100mhz_IBUF_BUFG_inst/O
                         net (fo=2651, routed)        0.557     1.476    u_cdc/clk_100mhz_IBUF_BUFG
    SLICE_X29Y120        FDCE                                         r  u_cdc/s_wack_sync_reg[0]/C
  -------------------------------------------------------------------    -------------------
    SLICE_X29Y120        FDCE (Prop_fdce_C_Q)         0.141     1.617 r  u_cdc/s_wack_sync_reg[0]/Q
                         net (fo=1, routed)           0.056     1.673    u_cdc/s_wack_sync[0]
    SLICE_X29Y120        FDCE                                         r  u_cdc/s_wack_sync_reg[1]/D
  -------------------------------------------------------------------    -------------------

                         (clock sys_clk rise edge)    0.000     0.000 r  
    E3                                                0.000     0.000 r  clk_100mhz (IN)
                         net (fo=0)                   0.000     0.000    clk_100mhz
    E3                   IBUF (Prop_ibuf_I_O)         0.438     0.438 r  clk_100mhz_IBUF_inst/O
                         net (fo=1, routed)           0.699     1.136    clk_100mhz_IBUF
    BUFGCTRL_X0Y16       BUFG (Prop_bufg_I_O)         0.029     1.165 r  clk_100mhz_IBUF_BUFG_inst/O
                         net (fo=2651, routed)        0.825     1.990    u_cdc/clk_100mhz_IBUF_BUFG
    SLICE_X29Y120        FDCE                                         r  u_cdc/s_wack_sync_reg[1]/C
                         clock pessimism             -0.513     1.476    
    SLICE_X29Y120        FDCE (Hold_fdce_C_D)         0.075     1.551    u_cdc/s_wack_sync_reg[1]
  -------------------------------------------------------------------
                         required time                         -1.551    
                         arrival time                           1.673    
  -------------------------------------------------------------------
                         slack                                  0.122    





Pulse Width Checks
--------------------------------------------------------------------------------------
Clock Name:         sys_clk
Waveform(ns):       { 0.000 5.000 }
Period(ns):         10.000
Sources:            { clk_100mhz }

Check Type        Corner  Lib Pin            Reference Pin  Required(ns)  Actual(ns)  Slack(ns)  Location         Pin
Min Period        n/a     BUFG/I             n/a            2.155         10.000      7.845      BUFGCTRL_X0Y16   clk_100mhz_IBUF_BUFG_inst/I
Max Period        n/a     MMCME2_ADV/CLKIN1  n/a            100.000       10.000      90.000     MMCME2_ADV_X0Y0  u_mmcm/CLKIN1
Low Pulse Width   Slow    MMCME2_ADV/CLKIN1  n/a            2.000         5.000       3.000      MMCME2_ADV_X0Y0  u_mmcm/CLKIN1
High Pulse Width  Slow    MMCME2_ADV/CLKIN1  n/a            2.000         5.000       3.000      MMCME2_ADV_X0Y0  u_mmcm/CLKIN1



---------------------------------------------------------------------------------------------------
From Clock:  clk_core_mmcm
  To Clock:  clk_core_mmcm

Setup :            9  Failing Endpoints,  Worst Slack       -0.068ns,  Total Violation       -0.273ns
Hold  :            0  Failing Endpoints,  Worst Slack        0.024ns,  Total Violation        0.000ns
PW    :            0  Failing Endpoints,  Worst Slack        1.177ns,  Total Violation        0.000ns
---------------------------------------------------------------------------------------------------


Max Delay Paths
--------------------------------------------------------------------------------------
Slack (VIOLATED) :        -0.068ns  (required time - arrival time)
  Source:                 u_mlkem/u_unpack/pw1_reg[6]/C
                            (rising edge-triggered cell FDRE clocked by clk_core_mmcm  {rise@0.000ns fall@2.427ns period=4.854ns})
  Destination:            u_mlkem/u_unpack/f1_reg[7]/D
                            (rising edge-triggered cell FDRE clocked by clk_core_mmcm  {rise@0.000ns fall@2.427ns period=4.854ns})
  Path Group:             clk_core_mmcm
  Path Type:              Setup (Max at Slow Process Corner)
  Requirement:            4.854ns  (clk_core_mmcm rise@4.854ns - clk_core_mmcm rise@0.000ns)
  Data Path Delay:        4.852ns  (logic 1.482ns (30.546%)  route 3.370ns (69.454%))
  Logic Levels:           5  (LUT4=1 LUT5=1 LUT6=2 MUXF7=1)
  Clock Path Skew:        -0.041ns (DCD - SCD + CPR)
    Destination Clock Delay (DCD):    9.137ns = ( 13.991 - 4.854 ) 
    Source Clock Delay      (SCD):    9.692ns
    Clock Pessimism Removal (CPR):    0.514ns
  Clock Uncertainty:      0.109ns  ((TSJ^2 + DJ^2)^1/2) / 2 + PE
    Total System Jitter     (TSJ):    0.071ns
    Discrete Jitter          (DJ):    0.206ns
    Phase Error              (PE):    0.000ns

    Location             Delay type                Incr(ns)  Path(ns)    Netlist Resource(s)
  -------------------------------------------------------------------    -------------------
                         (clock clk_core_mmcm rise edge)
                                                      0.000     0.000 r  
    E3                                                0.000     0.000 r  clk_100mhz (IN)
                         net (fo=0)                   0.000     0.000    clk_100mhz
    E3                   IBUF (Prop_ibuf_I_O)         1.482     1.482 r  clk_100mhz_IBUF_inst/O
                         net (fo=1, routed)           2.025     3.506    clk_100mhz_IBUF
    BUFGCTRL_X0Y16       BUFG (Prop_bufg_I_O)         0.096     3.602 r  clk_100mhz_IBUF_BUFG_inst/O
                         net (fo=2651, routed)        1.809     5.412    clk_100mhz_IBUF_BUFG
    MMCME2_ADV_X0Y0      MMCME2_ADV (Prop_mmcme2_adv_CLKIN1_CLKOUT0)
                                                      0.088     5.500 r  u_mmcm/CLKOUT0
                         net (fo=1, routed)           2.018     7.518    clk_core_mmcm
    BUFGCTRL_X0Y2        BUFG (Prop_bufg_I_O)         0.096     7.614 r  u_bufg_core_replica_1/O
                         net (fo=8, routed)           0.140     7.754    clk_core_repN_1
    BUFGCTRL_X0Y1        BUFG (Prop_bufg_I_O)         0.096     7.850 r  u_bufg_core_replica/O
                         net (fo=6, routed)           0.140     7.990    clk_core_repN
    BUFGCTRL_X0Y0        BUFG (Prop_bufg_I_O)         0.096     8.086 r  u_bufg_core/O
                         net (fo=4900, routed)        1.606     9.692    u_mlkem/u_unpack/clk_core
    SLICE_X53Y136        FDRE                                         r  u_mlkem/u_unpack/pw1_reg[6]/C
  -------------------------------------------------------------------    -------------------
    SLICE_X53Y136        FDRE (Prop_fdre_C_Q)         0.419    10.111 r  u_mlkem/u_unpack/pw1_reg[6]/Q
                         net (fo=52, routed)          1.267    11.378    u_mlkem/u_unpack/pw1_reg_n_0_[6]
    SLICE_X51Y138        LUT6 (Prop_lut6_I4_O)        0.299    11.677 r  u_mlkem/u_unpack/f1[11]_i_48/O
                         net (fo=1, routed)           0.000    11.677    u_mlkem/u_unpack/f1[11]_i_48_n_0
    SLICE_X51Y138        MUXF7 (Prop_muxf7_I1_O)      0.217    11.894 r  u_mlkem/u_unpack/f1_reg[11]_i_39/O
                         net (fo=3, routed)           0.675    12.569    u_mlkem/u_unpack/f1_reg[11]_i_39_n_0
    SLICE_X56Y133        LUT5 (Prop_lut5_I4_O)        0.299    12.868 r  u_mlkem/u_unpack/f1[11]_i_14/O
                         net (fo=3, routed)           0.517    13.385    u_mlkem/u_unpack/f1[11]_i_14_n_0
    SLICE_X57Y133        LUT6 (Prop_lut6_I0_O)        0.124    13.509 r  u_mlkem/u_unpack/f1[8]_i_2/O
                         net (fo=2, routed)           0.911    14.420    u_mlkem/u_unpack/f1[8]_i_2_n_0
    SLICE_X62Y129        LUT4 (Prop_lut4_I2_O)        0.124    14.544 r  u_mlkem/u_unpack/f1[7]_i_1/O
                         net (fo=1, routed)           0.000    14.544    u_mlkem/u_unpack/f1[7]_i_1_n_0
    SLICE_X62Y129        FDRE                                         r  u_mlkem/u_unpack/f1_reg[7]/D
  -------------------------------------------------------------------    -------------------

                         (clock clk_core_mmcm rise edge)
                                                      4.854     4.854 r  
    E3                                                0.000     4.854 r  clk_100mhz (IN)
                         net (fo=0)                   0.000     4.854    clk_100mhz
    E3                   IBUF (Prop_ibuf_I_O)         1.411     6.266 r  clk_100mhz_IBUF_inst/O
                         net (fo=1, routed)           1.920     8.186    clk_100mhz_IBUF
    BUFGCTRL_X0Y16       BUFG (Prop_bufg_I_O)         0.091     8.277 r  clk_100mhz_IBUF_BUFG_inst/O
                         net (fo=2651, routed)        1.683     9.960    clk_100mhz_IBUF_BUFG
    MMCME2_ADV_X0Y0      MMCME2_ADV (Prop_mmcme2_adv_CLKIN1_CLKOUT0)
                                                      0.083    10.043 r  u_mmcm/CLKOUT0
                         net (fo=1, routed)           1.923    11.966    clk_core_mmcm
    BUFGCTRL_X0Y2        BUFG (Prop_bufg_I_O)         0.091    12.057 r  u_bufg_core_replica_1/O
                         net (fo=8, routed)           0.133    12.190    clk_core_repN_1
    BUFGCTRL_X0Y1        BUFG (Prop_bufg_I_O)         0.091    12.281 r  u_bufg_core_replica/O
                         net (fo=6, routed)           0.133    12.414    clk_core_repN
    BUFGCTRL_X0Y0        BUFG (Prop_bufg_I_O)         0.091    12.505 r  u_bufg_core/O
                         net (fo=4900, routed)        1.487    13.991    u_mlkem/u_unpack/clk_core
    SLICE_X62Y129        FDRE                                         r  u_mlkem/u_unpack/f1_reg[7]/C
                         clock pessimism              0.514    14.505    
                         clock uncertainty           -0.109    14.396    
    SLICE_X62Y129        FDRE (Setup_fdre_C_D)        0.079    14.475    u_mlkem/u_unpack/f1_reg[7]
  -------------------------------------------------------------------
                         required time                         14.475    
                         arrival time                         -14.544    
  -------------------------------------------------------------------
                         slack                                 -0.068    





Min Delay Paths
--------------------------------------------------------------------------------------
Slack (MET) :             0.024ns  (arrival time - required time)
  Source:                 u_mlkem/u_alu/pjw_reg[14][4]/C
                            (rising edge-triggered cell FDRE clocked by clk_core_mmcm  {rise@0.000ns fall@2.427ns period=4.854ns})
  Destination:            u_mlkem/u_alu/pjw_reg[19][4]_srl5/D
                            (rising edge-triggered cell SRL16E clocked by clk_core_mmcm  {rise@0.000ns fall@2.427ns period=4.854ns})
  Path Group:             clk_core_mmcm
  Path Type:              Hold (Min at Fast Process Corner)
  Requirement:            0.000ns  (clk_core_mmcm rise@0.000ns - clk_core_mmcm rise@0.000ns)
  Data Path Delay:        0.359ns  (logic 0.148ns (41.175%)  route 0.211ns (58.825%))
  Logic Levels:           0  
  Clock Path Skew:        0.272ns (DCD - SCD - CPR)
    Destination Clock Delay (DCD):    3.803ns
    Source Clock Delay      (SCD):    2.941ns
    Clock Pessimism Removal (CPR):    0.589ns

    Location             Delay type                Incr(ns)  Path(ns)    Netlist Resource(s)
  -------------------------------------------------------------------    -------------------
                         (clock clk_core_mmcm rise edge)
                                                      0.000     0.000 r  
    E3                                                0.000     0.000 r  clk_100mhz (IN)
                         net (fo=0)                   0.000     0.000    clk_100mhz
    E3                   IBUF (Prop_ibuf_I_O)         0.250     0.250 r  clk_100mhz_IBUF_inst/O
                         net (fo=1, routed)           0.644     0.894    clk_100mhz_IBUF
    BUFGCTRL_X0Y16       BUFG (Prop_bufg_I_O)         0.026     0.920 r  clk_100mhz_IBUF_BUFG_inst/O
                         net (fo=2651, routed)        0.624     1.544    clk_100mhz_IBUF_BUFG
    MMCME2_ADV_X0Y0      MMCME2_ADV (Prop_mmcme2_adv_CLKIN1_CLKOUT0)
                                                      0.050     1.594 r  u_mmcm/CLKOUT0
                         net (fo=1, routed)           0.648     2.242    clk_core_mmcm
    BUFGCTRL_X0Y2        BUFG (Prop_bufg_I_O)         0.026     2.268 r  u_bufg_core_replica_1/O
                         net (fo=8, routed)           0.030     2.298    clk_core_repN_1
    BUFGCTRL_X0Y1        BUFG (Prop_bufg_I_O)         0.026     2.324 r  u_bufg_core_replica/O
                         net (fo=6, routed)           0.030     2.354    clk_core_repN
    BUFGCTRL_X0Y0        BUFG (Prop_bufg_I_O)         0.026     2.380 r  u_bufg_core/O
                         net (fo=4900, routed)        0.562     2.941    u_mlkem/u_alu/clk_core
    SLICE_X56Y100        FDRE                                         r  u_mlkem/u_alu/pjw_reg[14][4]/C
  -------------------------------------------------------------------    -------------------
    SLICE_X56Y100        FDRE (Prop_fdre_C_Q)         0.148     3.089 r  u_mlkem/u_alu/pjw_reg[14][4]/Q
                         net (fo=3, routed)           0.211     3.301    u_mlkem/u_alu/data1[4]
    SLICE_X56Y99         SRL16E                                       r  u_mlkem/u_alu/pjw_reg[19][4]_srl5/D
  -------------------------------------------------------------------    -------------------

                         (clock clk_core_mmcm rise edge)
                                                      0.000     0.000 r  
    E3                                                0.000     0.000 r  clk_100mhz (IN)
                         net (fo=0)                   0.000     0.000    clk_100mhz
    E3                   IBUF (Prop_ibuf_I_O)         0.438     0.438 r  clk_100mhz_IBUF_inst/O
                         net (fo=1, routed)           0.699     1.136    clk_100mhz_IBUF
    BUFGCTRL_X0Y16       BUFG (Prop_bufg_I_O)         0.029     1.165 r  clk_100mhz_IBUF_BUFG_inst/O
                         net (fo=2651, routed)        0.898     2.063    clk_100mhz_IBUF_BUFG
    MMCME2_ADV_X0Y0      MMCME2_ADV (Prop_mmcme2_adv_CLKIN1_CLKOUT0)
                                                      0.053     2.116 r  u_mmcm/CLKOUT0
                         net (fo=1, routed)           0.700     2.816    clk_core_mmcm
    BUFGCTRL_X0Y2        BUFG (Prop_bufg_I_O)         0.029     2.845 r  u_bufg_core_replica_1/O
                         net (fo=8, routed)           0.033     2.878    clk_core_repN_1
    BUFGCTRL_X0Y1        BUFG (Prop_bufg_I_O)         0.029     2.907 r  u_bufg_core_replica/O
                         net (fo=6, routed)           0.033     2.940    clk_core_repN
    BUFGCTRL_X0Y0        BUFG (Prop_bufg_I_O)         0.029     2.969 r  u_bufg_core/O
                         net (fo=4900, routed)        0.834     3.803    u_mlkem/u_alu/clk_core
    SLICE_X56Y99         SRL16E                                       r  u_mlkem/u_alu/pjw_reg[19][4]_srl5/CLK
                         clock pessimism             -0.589     3.213    
    SLICE_X56Y99         SRL16E (Hold_srl16e_CLK_D)
                                                      0.064     3.277    u_mlkem/u_alu/pjw_reg[19][4]_srl5
  -------------------------------------------------------------------
                         required time                         -3.277    
                         arrival time                           3.301    
  -------------------------------------------------------------------
                         slack                                  0.024    





Pulse Width Checks
--------------------------------------------------------------------------------------
Clock Name:         clk_core_mmcm
Waveform(ns):       { 0.000 2.427 }
Period(ns):         4.854
Sources:            { u_mmcm/CLKOUT0 }

Check Type        Corner  Lib Pin             Reference Pin  Required(ns)  Actual(ns)  Slack(ns)  Location         Pin
Min Period        n/a     RAMB36E1/CLKARDCLK  n/a            2.944         4.854       1.910      RAMB36_X0Y25     u_mlkem/u_dbuf/mem_reg_0/CLKARDCLK
Max Period        n/a     MMCME2_ADV/CLKOUT0  n/a            213.360       4.854       208.506    MMCME2_ADV_X0Y0  u_mmcm/CLKOUT0
Low Pulse Width   Slow    RAMD32/CLK          n/a            1.250         2.427       1.177      SLICE_X42Y143    u_mlkem/u_read_fifo/even_mem_reg_0_3_0_5/RAMA/CLK
High Pulse Width  Slow    RAMD32/CLK          n/a            1.250         2.427       1.177      SLICE_X42Y143    u_mlkem/u_read_fifo/even_mem_reg_0_3_0_5/RAMA/CLK



---------------------------------------------------------------------------------------------------
From Clock:  mmcm_fb
  To Clock:  mmcm_fb

Setup :           NA  Failing Endpoints,  Worst Slack           NA  ,  Total Violation           NA
Hold  :           NA  Failing Endpoints,  Worst Slack           NA  ,  Total Violation           NA
PW    :            0  Failing Endpoints,  Worst Slack       48.751ns,  Total Violation        0.000ns
---------------------------------------------------------------------------------------------------


Pulse Width Checks
--------------------------------------------------------------------------------------
Clock Name:         mmcm_fb
Waveform(ns):       { 0.000 25.000 }
Period(ns):         50.000
Sources:            { u_mmcm/CLKFBOUT }

Check Type  Corner  Lib Pin              Reference Pin  Required(ns)  Actual(ns)  Slack(ns)  Location         Pin
Min Period  n/a     MMCME2_ADV/CLKFBOUT  n/a            1.249         50.000      48.751     MMCME2_ADV_X0Y0  u_mmcm/CLKFBOUT
Max Period  n/a     MMCME2_ADV/CLKFBIN   n/a            100.000       50.000      50.000     MMCME2_ADV_X0Y0  u_mmcm/CLKFBIN



---------------------------------------------------------------------------------------------------
Path Group:  **async_default**
From Clock:  sys_clk
  To Clock:  sys_clk

Setup :            0  Failing Endpoints,  Worst Slack        3.256ns,  Total Violation        0.000ns
Hold  :            0  Failing Endpoints,  Worst Slack        0.586ns,  Total Violation        0.000ns
---------------------------------------------------------------------------------------------------


Max Delay Paths
--------------------------------------------------------------------------------------
Slack (MET) :             3.256ns  (required time - arrival time)
  Source:                 rst_sync_reg[3]/C
                            (rising edge-triggered cell FDCE clocked by sys_clk  {rise@0.000ns fall@5.000ns period=10.000ns})
  Destination:            u_bridge/cmd_reg[0]/CLR
                            (recovery check against rising-edge clock sys_clk  {rise@0.000ns fall@5.000ns period=10.000ns})
  Path Group:             **async_default**
  Path Type:              Recovery (Max at Slow Process Corner)
  Requirement:            10.000ns  (sys_clk rise@10.000ns - sys_clk rise@0.000ns)
  Data Path Delay:        6.155ns  (logic 0.580ns (9.423%)  route 5.575ns (90.577%))
  Logic Levels:           1  (LUT1=1)
  Clock Path Skew:        -0.149ns (DCD - SCD + CPR)
    Destination Clock Delay (DCD):    4.913ns = ( 14.913 - 10.000 ) 
    Source Clock Delay      (SCD):    5.242ns
    Clock Pessimism Removal (CPR):    0.180ns
  Clock Uncertainty:      0.035ns  ((TSJ^2 + TIJ^2)^1/2 + DJ) / 2 + PE
    Total System Jitter     (TSJ):    0.071ns
    Total Input Jitter      (TIJ):    0.000ns
    Discrete Jitter          (DJ):    0.000ns
    Phase Error              (PE):    0.000ns

    Location             Delay type                Incr(ns)  Path(ns)    Netlist Resource(s)
  -------------------------------------------------------------------    -------------------
                         (clock sys_clk rise edge)    0.000     0.000 r  
    E3                                                0.000     0.000 r  clk_100mhz (IN)
                         net (fo=0)                   0.000     0.000    clk_100mhz
    E3                   IBUF (Prop_ibuf_I_O)         1.482     1.482 r  clk_100mhz_IBUF_inst/O
                         net (fo=1, routed)           2.025     3.506    clk_100mhz_IBUF
    BUFGCTRL_X0Y16       BUFG (Prop_bufg_I_O)         0.096     3.602 r  clk_100mhz_IBUF_BUFG_inst/O
                         net (fo=2651, routed)        1.639     5.242    clk_100mhz_IBUF_BUFG
    SLICE_X40Y96         FDCE                                         r  rst_sync_reg[3]/C
  -------------------------------------------------------------------    -------------------
    SLICE_X40Y96         FDCE (Prop_fdce_C_Q)         0.456     5.698 r  rst_sync_reg[3]/Q
                         net (fo=41, routed)          0.670     6.367    u_bridge/tx_valid_reg_0[0]
    SLICE_X37Y100        LUT1 (Prop_lut1_I0_O)        0.124     6.491 f  u_bridge/FSM_sequential_state[1]_i_2/O
                         net (fo=596, routed)         4.906    11.397    u_bridge/rst_sync_reg[3]
    SLICE_X47Y115        FDCE                                         f  u_bridge/cmd_reg[0]/CLR
  -------------------------------------------------------------------    -------------------

                         (clock sys_clk rise edge)   10.000    10.000 r  
    E3                                                0.000    10.000 r  clk_100mhz (IN)
                         net (fo=0)                   0.000    10.000    clk_100mhz
    E3                   IBUF (Prop_ibuf_I_O)         1.411    11.411 r  clk_100mhz_IBUF_inst/O
                         net (fo=1, routed)           1.920    13.331    clk_100mhz_IBUF
    BUFGCTRL_X0Y16       BUFG (Prop_bufg_I_O)         0.091    13.422 r  clk_100mhz_IBUF_BUFG_inst/O
                         net (fo=2651, routed)        1.491    14.913    u_bridge/clk_100mhz_IBUF_BUFG
    SLICE_X47Y115        FDCE                                         r  u_bridge/cmd_reg[0]/C
                         clock pessimism              0.180    15.093    
                         clock uncertainty           -0.035    15.058    
    SLICE_X47Y115        FDCE (Recov_fdce_C_CLR)     -0.405    14.653    u_bridge/cmd_reg[0]
  -------------------------------------------------------------------
                         required time                         14.653    
                         arrival time                         -11.397    
  -------------------------------------------------------------------
                         slack                                  3.256    





Min Delay Paths
--------------------------------------------------------------------------------------
Slack (MET) :             0.586ns  (arrival time - required time)
  Source:                 rst_sync_reg[3]/C
                            (rising edge-triggered cell FDCE clocked by sys_clk  {rise@0.000ns fall@5.000ns period=10.000ns})
  Destination:            u_bridge/cnt_reg[0]_rep__1/CLR
                            (removal check against rising-edge clock sys_clk  {rise@0.000ns fall@5.000ns period=10.000ns})
  Path Group:             **async_default**
  Path Type:              Removal (Min at Fast Process Corner)
  Requirement:            0.000ns  (sys_clk rise@0.000ns - sys_clk rise@0.000ns)
  Data Path Delay:        0.785ns  (logic 0.186ns (23.702%)  route 0.599ns (76.298%))
  Logic Levels:           1  (LUT1=1)
  Clock Path Skew:        0.266ns (DCD - SCD - CPR)
    Destination Clock Delay (DCD):    1.999ns
    Source Clock Delay      (SCD):    1.487ns
    Clock Pessimism Removal (CPR):    0.245ns

    Location             Delay type                Incr(ns)  Path(ns)    Netlist Resource(s)
  -------------------------------------------------------------------    -------------------
                         (clock sys_clk rise edge)    0.000     0.000 r  
    E3                                                0.000     0.000 r  clk_100mhz (IN)
                         net (fo=0)                   0.000     0.000    clk_100mhz
    E3                   IBUF (Prop_ibuf_I_O)         0.250     0.250 r  clk_100mhz_IBUF_inst/O
                         net (fo=1, routed)           0.644     0.894    clk_100mhz_IBUF
    BUFGCTRL_X0Y16       BUFG (Prop_bufg_I_O)         0.026     0.920 r  clk_100mhz_IBUF_BUFG_inst/O
                         net (fo=2651, routed)        0.568     1.487    clk_100mhz_IBUF_BUFG
    SLICE_X40Y96         FDCE                                         r  rst_sync_reg[3]/C
  -------------------------------------------------------------------    -------------------
    SLICE_X40Y96         FDCE (Prop_fdce_C_Q)         0.141     1.628 r  rst_sync_reg[3]/Q
                         net (fo=41, routed)          0.289     1.917    u_bridge/tx_valid_reg_0[0]
    SLICE_X37Y100        LUT1 (Prop_lut1_I0_O)        0.045     1.962 f  u_bridge/FSM_sequential_state[1]_i_2/O
                         net (fo=596, routed)         0.310     2.272    u_bridge/rst_sync_reg[3]
    SLICE_X34Y107        FDCE                                         f  u_bridge/cnt_reg[0]_rep__1/CLR
  -------------------------------------------------------------------    -------------------

                         (clock sys_clk rise edge)    0.000     0.000 r  
    E3                                                0.000     0.000 r  clk_100mhz (IN)
                         net (fo=0)                   0.000     0.000    clk_100mhz
    E3                   IBUF (Prop_ibuf_I_O)         0.438     0.438 r  clk_100mhz_IBUF_inst/O
                         net (fo=1, routed)           0.699     1.136    clk_100mhz_IBUF
    BUFGCTRL_X0Y16       BUFG (Prop_bufg_I_O)         0.029     1.165 r  clk_100mhz_IBUF_BUFG_inst/O
                         net (fo=2651, routed)        0.834     1.999    u_bridge/clk_100mhz_IBUF_BUFG
    SLICE_X34Y107        FDCE                                         r  u_bridge/cnt_reg[0]_rep__1/C
                         clock pessimism             -0.245     1.753    
    SLICE_X34Y107        FDCE (Remov_fdce_C_CLR)     -0.067     1.686    u_bridge/cnt_reg[0]_rep__1
  -------------------------------------------------------------------
                         required time                         -1.686    
                         arrival time                           2.272    
  -------------------------------------------------------------------
                         slack                                  0.586    





