Copyright 1986-2022 Xilinx, Inc. All Rights Reserved. Copyright 2022-2024 Advanced Micro Devices, Inc. All Rights Reserved.
------------------------------------------------------------------------------------------------------------------------------------------------
| Tool Version : Vivado v.2024.1 (lin64) Build 5076996 Wed May 22 18:36:09 MDT 2024
| Date         : Fri Oct  2 05:45:37 2026
| Host         : 1e0658a68088 running 64-bit unknown
| Command      : report_utilization -hierarchical -file /home/vivadouser/project/ML_KEM_Test/ML-KEM-Testkit/reports/f206_1/utilization_hier.rpt
| Design       : arty_a7_top
| Device       : xc7a100tcsg324-1
| Speed File   : -1
| Design State : Routed
------------------------------------------------------------------------------------------------------------------------------------------------

Utilization Design Information

Table of Contents
-----------------
1. Utilization by Hierarchy

1. Utilization by Hierarchy
---------------------------

+------------------+-----------------+------------+------------+---------+------+------+--------+--------+------------+
|     Instance     |      Module     | Total LUTs | Logic LUTs | LUTRAMs | SRLs |  FFs | RAMB36 | RAMB18 | DSP Blocks |
+------------------+-----------------+------------+------------+---------+------+------+--------+--------+------------+
| arty_a7_top      |           (top) |      10162 |      10069 |       0 |   93 | 6525 |      3 |      0 |          2 |
|   (arty_a7_top)  |           (top) |          2 |          2 |       0 |    0 |   34 |      0 |      0 |          0 |
|   u_bridge       | uart_axi_bridge |       1556 |       1556 |       0 |    0 | 2435 |      0 |      0 |          0 |
|   u_cdc          |        axil_cdc |         30 |         30 |       0 |    0 |  219 |      0 |      0 |          0 |
|   u_mlkem        |   pqc_mlkem_top |       8488 |       8395 |       0 |   93 | 3762 |      3 |      0 |          2 |
|     (u_mlkem)    |   pqc_mlkem_top |         17 |         17 |       0 |    0 |    1 |      0 |      0 |          0 |
|     u_alu        |  mlkem_poly_alu |       1032 |        945 |       0 |   87 |  797 |      0 |      0 |          2 |
|       (u_alu)    |  mlkem_poly_alu |        584 |        509 |       0 |   75 |  575 |      0 |      0 |          0 |
|       u_mul0     |    mlkem_modmul |        185 |        179 |       0 |    6 |  111 |      0 |      0 |          1 |
|       u_mul1     |  mlkem_modmul_0 |        214 |        208 |       0 |    6 |  111 |      0 |      0 |          1 |
|       u_zetas    |     mlkem_zetas |         49 |         49 |       0 |    0 |    0 |      0 |      0 |          0 |
|     u_csr        |     pqc_axi_csr |        169 |        169 |       0 |    0 |  263 |      0 |      0 |          0 |
|     u_ctrl       |      mlkem_ctrl |       1510 |       1510 |       0 |    0 |  356 |      0 |      0 |          0 |
|       (u_ctrl)   |      mlkem_ctrl |       1155 |       1155 |       0 |    0 |  311 |      0 |      0 |          0 |
|       u_rom      | mlkem_ucode_rom |        355 |        355 |       0 |    0 |   45 |      0 |      0 |          0 |
|     u_dbuf       | pqc_data_buffer |         10 |         10 |       0 |    0 |    0 |      2 |      0 |          0 |
|     u_pack       |      mlkem_pack |        359 |        353 |       0 |    6 |  334 |      0 |      0 |          0 |
|     u_polyram    |   mlkem_polyram |        134 |        134 |       0 |    0 |    0 |      1 |      0 |          0 |
|     u_sponge     |   keccak_sponge |       3964 |       3964 |       0 |    0 | 1629 |      0 |      0 |          0 |
|       (u_sponge) |   keccak_sponge |       1885 |       1885 |       0 |    0 | 1629 |      0 |      0 |          0 |
|       u_round    |    keccak_round |       2112 |       2112 |       0 |    0 |    0 |      0 |      0 |          0 |
|     u_unpack     |    mlkem_unpack |       1300 |       1300 |       0 |    0 |  382 |      0 |      0 |          0 |
|   u_rx           |         uart_rx |         64 |         64 |       0 |    0 |   50 |      0 |      0 |          0 |
|   u_tx           |         uart_tx |         25 |         25 |       0 |    0 |   25 |      0 |      0 |          0 |
+------------------+-----------------+------------+------------+---------+------+------+--------+--------+------------+
* Note: The sum of lower-level cells may be larger than their parent cells total, due to cross-hierarchy LUT combining


