Copyright 1986-2022 Xilinx, Inc. All Rights Reserved. Copyright 2022-2024 Advanced Micro Devices, Inc. All Rights Reserved.
--------------------------------------------------------------------------------------------------------------------------------------------------------
| Tool Version : Vivado v.2024.1 (lin64) Build 5076996 Wed May 22 18:36:09 MDT 2024
| Date         : Thu Oct  1 13:27:00 2026
| Host         : orbstack running 64-bit unknown
| Command      : report_utilization -hierarchical -file /home/vivadouser/project/ML_KEM_Test/ML-KEM-Testkit/reports/step0/fmax_5ns/utilization_hier.rpt
| Design       : arty_a7_top
| Device       : xc7a100tcsg324-1
| Speed File   : -1
| Design State : Routed
--------------------------------------------------------------------------------------------------------------------------------------------------------

Utilization Design Information

Table of Contents
-----------------
1. Utilization by Hierarchy

1. Utilization by Hierarchy
---------------------------

+------------------+-----------------+------------+------------+---------+------+------+--------+--------+------------+
|     Instance     |      Module     | Total LUTs | Logic LUTs | LUTRAMs | SRLs |  FFs | RAMB36 | RAMB18 | DSP Blocks |
+------------------+-----------------+------------+------------+---------+------+------+--------+--------+------------+
| arty_a7_top      |           (top) |      12908 |      12908 |       0 |    0 | 6836 |      5 |      2 |          8 |
|   (arty_a7_top)  |           (top) |          1 |          1 |       0 |    0 |   33 |      0 |      0 |          0 |
|   u_bridge       | uart_axi_bridge |       1609 |       1609 |       0 |    0 | 2426 |      0 |      0 |          0 |
|   u_mlkem        |   pqc_mlkem_top |      11212 |      11212 |       0 |    0 | 4301 |      5 |      2 |          8 |
|     (u_mlkem)    |   pqc_mlkem_top |         24 |         24 |       0 |    0 |    0 |      0 |      0 |          0 |
|     u_alu        |  mlkem_poly_alu |        697 |        697 |       0 |    0 |  253 |      0 |      1 |          6 |
|       (u_alu)    |  mlkem_poly_alu |        355 |        355 |       0 |    0 |  203 |      0 |      1 |          0 |
|       u_mul0     |    mlkem_modmul |        159 |        159 |       0 |    0 |   25 |      0 |      0 |          3 |
|       u_mul1     |  mlkem_modmul_0 |        161 |        161 |       0 |    0 |   25 |      0 |      0 |          3 |
|       u_zetas    |     mlkem_zetas |         24 |         24 |       0 |    0 |    0 |      0 |      0 |          0 |
|     u_csr        |     pqc_axi_csr |        185 |        185 |       0 |    0 |  263 |      0 |      0 |          0 |
|     u_ctrl       |      mlkem_ctrl |        650 |        650 |       0 |    0 |  269 |      0 |      0 |          0 |
|       (u_ctrl)   |      mlkem_ctrl |        259 |        259 |       0 |    0 |  223 |      0 |      0 |          0 |
|       u_rom      | mlkem_ucode_rom |        392 |        392 |       0 |    0 |   46 |      0 |      0 |          0 |
|     u_dbuf       | pqc_data_buffer |         11 |         11 |       0 |    0 |    0 |      4 |      0 |          0 |
|     u_pack       |      mlkem_pack |        162 |        162 |       0 |    0 |   87 |      0 |      0 |          1 |
|     u_polyram    |   mlkem_polyram |         12 |         12 |       0 |    0 |    0 |      1 |      1 |          0 |
|     u_sponge     |   keccak_sponge |       9221 |       9221 |       0 |    0 | 3346 |      0 |      0 |          0 |
|       (u_sponge) |   keccak_sponge |       2831 |       2831 |       0 |    0 | 1708 |      0 |      0 |          0 |
|       u_keccak   |    keccak_f1600 |       6390 |       6390 |       0 |    0 | 1638 |      0 |      0 |          0 |
|     u_unpack     |    mlkem_unpack |        253 |        253 |       0 |    0 |   83 |      0 |      0 |          1 |
|   u_rx           |         uart_rx |         65 |         65 |       0 |    0 |   51 |      0 |      0 |          0 |
|   u_tx           |         uart_tx |         25 |         25 |       0 |    0 |   25 |      0 |      0 |          0 |
+------------------+-----------------+------------+------------+---------+------+------+--------+--------+------------+
* Note: The sum of lower-level cells may be larger than their parent cells total, due to cross-hierarchy LUT combining


